Component: ARM Compiler 5.06 update 4 (build 422) Tool: armlink [4d35d2]

==============================================================================

Section Cross References

    startup_stm32f10x_hd.o(RESET) refers to startup_stm32f10x_hd.o(STACK) for __initial_sp
    startup_stm32f10x_hd.o(RESET) refers to startup_stm32f10x_hd.o(.text) for Reset_Handler
    startup_stm32f10x_hd.o(RESET) refers to stm32f10x_it.o(.text) for NMI_Handler
    startup_stm32f10x_hd.o(RESET) refers to context_rvds.o(.text) for HardFault_Handler
    startup_stm32f10x_hd.o(RESET) refers to board.o(.text) for SysTick_Handler
    startup_stm32f10x_hd.o(.text) refers to system_stm32f10x.o(.text) for SystemInit
    startup_stm32f10x_hd.o(.text) refers to entry.o(.ARM.Collect$$$$00000000) for __main
    system_stm32f10x.o(.text) refers to system_stm32f10x.o(.data) for SystemCoreClock
    stm32f10x_adc.o(.text) refers to stm32f10x_rcc.o(.text) for RCC_APB2PeriphResetCmd
    stm32f10x_bkp.o(.text) refers to stm32f10x_rcc.o(.text) for RCC_BackupResetCmd
    stm32f10x_can.o(.text) refers to stm32f10x_rcc.o(.text) for RCC_APB1PeriphResetCmd
    stm32f10x_cec.o(.text) refers to stm32f10x_rcc.o(.text) for RCC_APB1PeriphResetCmd
    stm32f10x_dac.o(.text) refers to stm32f10x_rcc.o(.text) for RCC_APB1PeriphResetCmd
    stm32f10x_gpio.o(.text) refers to stm32f10x_rcc.o(.text) for RCC_APB2PeriphResetCmd
    stm32f10x_i2c.o(.text) refers to stm32f10x_rcc.o(.text) for RCC_APB1PeriphResetCmd
    stm32f10x_pwr.o(.text) refers to stm32f10x_rcc.o(.text) for RCC_APB1PeriphResetCmd
    stm32f10x_rcc.o(.text) refers to stm32f10x_rcc.o(.data) for APBAHBPrescTable
    stm32f10x_spi.o(.text) refers to stm32f10x_rcc.o(.text) for RCC_APB2PeriphResetCmd
    stm32f10x_tim.o(.text) refers to stm32f10x_rcc.o(.text) for RCC_APB2PeriphResetCmd
    stm32f10x_usart.o(.text) refers to stm32f10x_rcc.o(.text) for RCC_APB2PeriphResetCmd
    stm32f10x_wwdg.o(.text) refers to stm32f10x_rcc.o(.text) for RCC_APB1PeriphResetCmd
    main.o(.text) refers to thread.o(.text) for rt_thread_delay
    main.o(.text) refers to main.o(.bss) for rt_led1_thread_stack
    bsp_led.o(.text) refers to stm32f10x_rcc.o(.text) for RCC_APB2PeriphClockCmd
    bsp_led.o(.text) refers to stm32f10x_gpio.o(.text) for GPIO_Init
    board.o(.text) refers to stm32f10x_rcc.o(.text) for RCC_GetClocksFreq
    board.o(.text) refers to bsp_led.o(.text) for LED_GPIO_Config
    board.o(.text) refers to components.o(.text) for rt_components_board_init
    board.o(.text) refers to irq.o(.text) for rt_interrupt_enter
    board.o(.text) refers to clock.o(.text) for rt_tick_increase
    clock.o(.text) refers to context_rvds.o(.text) for rt_hw_interrupt_disable
    clock.o(.text) refers to thread.o(.text) for rt_thread_self
    clock.o(.text) refers to timer.o(.text) for rt_timer_check
    clock.o(.text) refers to clock.o(.data) for rt_tick
    components.o(.text) refers to main.o(.text) for $Super$$main
    components.o(.text) refers to thread.o(.text) for rt_thread_init
    components.o(.text) refers to context_rvds.o(.text) for rt_hw_interrupt_disable
    components.o(.text) refers to board.o(.text) for rt_hw_board_init
    components.o(.text) refers to kservice.o(.text) for rt_show_version
    components.o(.text) refers to timer.o(.text) for rt_system_timer_init
    components.o(.text) refers to scheduler.o(.text) for rt_system_scheduler_init
    components.o(.text) refers to idle.o(.text) for rt_thread_idle_init
    components.o(.text) refers to components.o(.rti_fn.0.end) for __rt_init_rti_board_start
    components.o(.text) refers to components.o(.rti_fn.1.end) for __rt_init_rti_board_end
    components.o(.text) refers to components.o(.rti_fn.6.end) for __rt_init_rti_end
    components.o(.text) refers to components.o(.bss) for main_thread
    components.o(.rti_fn.0) refers to components.o(.text) for rti_start
    components.o(.rti_fn.0.end) refers to components.o(.text) for rti_board_start
    components.o(.rti_fn.1.end) refers to components.o(.text) for rti_board_end
    components.o(.rti_fn.6.end) refers to components.o(.text) for rti_end
    idle.o(.text) refers to context_rvds.o(.text) for rt_hw_interrupt_disable
    idle.o(.text) refers to scheduler.o(.text) for rt_enter_critical
    idle.o(.text) refers to object.o(.text) for rt_object_is_systemobject
    idle.o(.text) refers to thread.o(.text) for rt_thread_init
    idle.o(.text) refers to scheduler.o(.data) for rt_thread_defunct
    idle.o(.text) refers to idle.o(.bss) for rt_thread_stack
    ipc.o(.text) refers to thread.o(.text) for rt_thread_suspend
    ipc.o(.text) refers to context_rvds.o(.text) for rt_hw_interrupt_disable
    ipc.o(.text) refers to object.o(.text) for rt_object_init
    ipc.o(.text) refers to timer.o(.text) for rt_timer_control
    ipc.o(.text) refers to scheduler.o(.text) for rt_schedule
    ipc.o(.text) refers to clock.o(.text) for rt_tick_get
    irq.o(.text) refers to context_rvds.o(.text) for rt_hw_interrupt_disable
    irq.o(.text) refers to irq.o(.data) for rt_interrupt_nest
    kservice.o(.text) refers to irq.o(.text) for rt_interrupt_get_nest
    kservice.o(.text) refers to thread.o(.text) for rt_thread_self
    kservice.o(.text) refers to kservice.o(.data) for __rt_errno
    kservice.o(.text) refers to kservice.o(.constdata) for large_digits
    kservice.o(.text) refers to kservice.o(.bss) for rt_log_buf
    object.o(.text) refers to kservice.o(.text) for rt_strncpy
    object.o(.text) refers to context_rvds.o(.text) for rt_hw_interrupt_disable
    object.o(.text) refers to scheduler.o(.text) for rt_enter_critical
    object.o(.text) refers to object.o(.data) for rt_object_container
    scheduler.o(.text) refers to kservice.o(.text) for __rt_ffs
    scheduler.o(.text) refers to context_rvds.o(.text) for rt_hw_context_switch_to
    scheduler.o(.text) refers to scheduler.o(.data) for rt_scheduler_lock_nest
    scheduler.o(.text) refers to scheduler.o(.bss) for rt_thread_priority_table
    scheduler.o(.text) refers to irq.o(.data) for rt_interrupt_nest
    thread.o(.text) refers to context_rvds.o(.text) for rt_hw_interrupt_disable
    thread.o(.text) refers to scheduler.o(.text) for rt_schedule_remove_thread
    thread.o(.text) refers to timer.o(.text) for rt_timer_detach
    thread.o(.text) refers to object.o(.text) for rt_object_is_systemobject
    thread.o(.text) refers to kservice.o(.text) for rt_memset
    thread.o(.text) refers to cpuport.o(.text) for rt_hw_stack_init
    thread.o(.text) refers to scheduler.o(.data) for rt_current_thread
    thread.o(.text) refers to scheduler.o(.bss) for rt_thread_priority_table
    timer.o(.text) refers to object.o(.text) for rt_object_init
    timer.o(.text) refers to context_rvds.o(.text) for rt_hw_interrupt_disable
    timer.o(.text) refers to clock.o(.text) for rt_tick_get
    timer.o(.text) refers to timer.o(.data) for rt_timer_list
    cpuport.o(.text) refers to kservice.o(.text) for rt_kprintf
    cpuport.o(.text) refers to thread.o(.text) for rt_thread_self
    cpuport.o(.text) refers to cpuport.o(.data) for rt_exception_hook
    context_rvds.o(.text) refers to cpuport.o(.text) for rt_hw_hard_fault_exception
    context_rvds.o(.text) refers to cpuport.o(.data) for rt_thread_switch_interrupt_flag
    entry.o(.ARM.Collect$$$$00000000) refers (Special) to entry10a.o(.ARM.Collect$$$$0000000D) for __rt_final_cpp
    entry.o(.ARM.Collect$$$$00000000) refers (Special) to entry11a.o(.ARM.Collect$$$$0000000F) for __rt_final_exit
    entry.o(.ARM.Collect$$$$00000000) refers (Special) to entry7b.o(.ARM.Collect$$$$00000008) for _main_clock
    entry.o(.ARM.Collect$$$$00000000) refers (Special) to entry8b.o(.ARM.Collect$$$$0000000A) for _main_cpp_init
    entry.o(.ARM.Collect$$$$00000000) refers (Special) to entry9a.o(.ARM.Collect$$$$0000000B) for _main_init
    entry.o(.ARM.Collect$$$$00000000) refers (Special) to entry5.o(.ARM.Collect$$$$00000004) for _main_scatterload
    entry.o(.ARM.Collect$$$$00000000) refers (Special) to entry2.o(.ARM.Collect$$$$00000001) for _main_stk
    entry2.o(.ARM.Collect$$$$00000001) refers to entry2.o(.ARM.Collect$$$$00002712) for __lit__00000000
    entry2.o(.ARM.Collect$$$$00002712) refers to startup_stm32f10x_hd.o(STACK) for __initial_sp
    entry2.o(__vectab_stack_and_reset_area) refers to startup_stm32f10x_hd.o(STACK) for __initial_sp
    entry2.o(__vectab_stack_and_reset_area) refers to entry.o(.ARM.Collect$$$$00000000) for __main
    entry5.o(.ARM.Collect$$$$00000004) refers to init.o(.text) for __scatterload
    entry9a.o(.ARM.Collect$$$$0000000B) refers to components.o(.text) for main
    entry9b.o(.ARM.Collect$$$$0000000C) refers to components.o(.text) for main
    init.o(.text) refers to entry5.o(.ARM.Collect$$$$00000004) for __main_after_scatterload


==============================================================================

Removing Unused input sections from the image.

    Removing startup_stm32f10x_hd.o(HEAP), (512 bytes).
    Removing core_cm3.o(.emb_text), (32 bytes).
    Removing misc.o(.text), (220 bytes).
    Removing stm32f10x_adc.o(.text), (1102 bytes).
    Removing stm32f10x_bkp.o(.text), (196 bytes).
    Removing stm32f10x_can.o(.text), (2544 bytes).
    Removing stm32f10x_cec.o(.text), (288 bytes).
    Removing stm32f10x_crc.o(.text), (72 bytes).
    Removing stm32f10x_dac.o(.text), (396 bytes).
    Removing stm32f10x_dbgmcu.o(.text), (48 bytes).
    Removing stm32f10x_dma.o(.text), (596 bytes).
    Removing stm32f10x_exti.o(.text), (284 bytes).
    Removing stm32f10x_flash.o(.text), (1468 bytes).
    Removing stm32f10x_fsmc.o(.text), (1548 bytes).
    Removing stm32f10x_i2c.o(.text), (1028 bytes).
    Removing stm32f10x_iwdg.o(.text), (64 bytes).
    Removing stm32f10x_pwr.o(.text), (204 bytes).
    Removing stm32f10x_rtc.o(.text), (328 bytes).
    Removing stm32f10x_sdio.o(.text), (468 bytes).
    Removing stm32f10x_spi.o(.text), (780 bytes).
    Removing stm32f10x_tim.o(.text), (3610 bytes).
    Removing stm32f10x_usart.o(.text), (1032 bytes).
    Removing stm32f10x_wwdg.o(.text), (136 bytes).
    Removing ipc.o(.text), (1198 bytes).

24 unused section(s) (total 18154 bytes) removed from the image.

==============================================================================

Image Symbol Table

    Local Symbols

    Symbol Name                              Value     Ov Type        Size  Object(Section)

    ../clib/microlib/init/entry.s            0x00000000   Number         0  entry8b.o ABSOLUTE
    ../clib/microlib/init/entry.s            0x00000000   Number         0  entry9a.o ABSOLUTE
    ../clib/microlib/init/entry.s            0x00000000   Number         0  entry5.o ABSOLUTE
    ../clib/microlib/init/entry.s            0x00000000   Number         0  entry9b.o ABSOLUTE
    ../clib/microlib/init/entry.s            0x00000000   Number         0  entry11b.o ABSOLUTE
    ../clib/microlib/init/entry.s            0x00000000   Number         0  entry2.o ABSOLUTE
    ../clib/microlib/init/entry.s            0x00000000   Number         0  entry.o ABSOLUTE
    ../clib/microlib/init/entry.s            0x00000000   Number         0  entry11a.o ABSOLUTE
    ../clib/microlib/init/entry.s            0x00000000   Number         0  entry10b.o ABSOLUTE
    ../clib/microlib/init/entry.s            0x00000000   Number         0  entry10a.o ABSOLUTE
    ../clib/microlib/init/entry.s            0x00000000   Number         0  entry7b.o ABSOLUTE
    ../clib/microlib/init/entry.s            0x00000000   Number         0  entry7a.o ABSOLUTE
    ../clib/microlib/init/entry.s            0x00000000   Number         0  entry8a.o ABSOLUTE
    ..\..\Libraries\CMSIS\core_cm3.c         0x00000000   Number         0  core_cm3.o ABSOLUTE
    ..\..\Libraries\CMSIS\startup\startup_stm32f10x_hd.s 0x00000000   Number         0  startup_stm32f10x_hd.o ABSOLUTE
    ..\..\Libraries\CMSIS\system_stm32f10x.c 0x00000000   Number         0  system_stm32f10x.o ABSOLUTE
    ..\..\Libraries\FWlib\src\misc.c         0x00000000   Number         0  misc.o ABSOLUTE
    ..\..\Libraries\FWlib\src\stm32f10x_adc.c 0x00000000   Number         0  stm32f10x_adc.o ABSOLUTE
    ..\..\Libraries\FWlib\src\stm32f10x_bkp.c 0x00000000   Number         0  stm32f10x_bkp.o ABSOLUTE
    ..\..\Libraries\FWlib\src\stm32f10x_can.c 0x00000000   Number         0  stm32f10x_can.o ABSOLUTE
    ..\..\Libraries\FWlib\src\stm32f10x_cec.c 0x00000000   Number         0  stm32f10x_cec.o ABSOLUTE
    ..\..\Libraries\FWlib\src\stm32f10x_crc.c 0x00000000   Number         0  stm32f10x_crc.o ABSOLUTE
    ..\..\Libraries\FWlib\src\stm32f10x_dac.c 0x00000000   Number         0  stm32f10x_dac.o ABSOLUTE
    ..\..\Libraries\FWlib\src\stm32f10x_dbgmcu.c 0x00000000   Number         0  stm32f10x_dbgmcu.o ABSOLUTE
    ..\..\Libraries\FWlib\src\stm32f10x_dma.c 0x00000000   Number         0  stm32f10x_dma.o ABSOLUTE
    ..\..\Libraries\FWlib\src\stm32f10x_exti.c 0x00000000   Number         0  stm32f10x_exti.o ABSOLUTE
    ..\..\Libraries\FWlib\src\stm32f10x_flash.c 0x00000000   Number         0  stm32f10x_flash.o ABSOLUTE
    ..\..\Libraries\FWlib\src\stm32f10x_fsmc.c 0x00000000   Number         0  stm32f10x_fsmc.o ABSOLUTE
    ..\..\Libraries\FWlib\src\stm32f10x_gpio.c 0x00000000   Number         0  stm32f10x_gpio.o ABSOLUTE
    ..\..\Libraries\FWlib\src\stm32f10x_i2c.c 0x00000000   Number         0  stm32f10x_i2c.o ABSOLUTE
    ..\..\Libraries\FWlib\src\stm32f10x_iwdg.c 0x00000000   Number         0  stm32f10x_iwdg.o ABSOLUTE
    ..\..\Libraries\FWlib\src\stm32f10x_pwr.c 0x00000000   Number         0  stm32f10x_pwr.o ABSOLUTE
    ..\..\Libraries\FWlib\src\stm32f10x_rcc.c 0x00000000   Number         0  stm32f10x_rcc.o ABSOLUTE
    ..\..\Libraries\FWlib\src\stm32f10x_rtc.c 0x00000000   Number         0  stm32f10x_rtc.o ABSOLUTE
    ..\..\Libraries\FWlib\src\stm32f10x_sdio.c 0x00000000   Number         0  stm32f10x_sdio.o ABSOLUTE
    ..\..\Libraries\FWlib\src\stm32f10x_spi.c 0x00000000   Number         0  stm32f10x_spi.o ABSOLUTE
    ..\..\Libraries\FWlib\src\stm32f10x_tim.c 0x00000000   Number         0  stm32f10x_tim.o ABSOLUTE
    ..\..\Libraries\FWlib\src\stm32f10x_usart.c 0x00000000   Number         0  stm32f10x_usart.o ABSOLUTE
    ..\..\Libraries\FWlib\src\stm32f10x_wwdg.c 0x00000000   Number         0  stm32f10x_wwdg.o ABSOLUTE
    ..\..\User\Led\bsp_led.c                 0x00000000   Number         0  bsp_led.o ABSOLUTE
    ..\..\User\board.c                       0x00000000   Number         0  board.o ABSOLUTE
    ..\..\User\main.c                        0x00000000   Number         0  main.o ABSOLUTE
    ..\..\User\stm32f10x_it.c                0x00000000   Number         0  stm32f10x_it.o ABSOLUTE
    ..\..\rtthread\3.0.3\libcpu\arm\cortex-m3\context_rvds.S 0x00000000   Number         0  context_rvds.o ABSOLUTE
    ..\..\rtthread\3.0.3\libcpu\arm\cortex-m3\cpuport.c 0x00000000   Number         0  cpuport.o ABSOLUTE
    ..\..\rtthread\3.0.3\src\clock.c         0x00000000   Number         0  clock.o ABSOLUTE
    ..\..\rtthread\3.0.3\src\components.c    0x00000000   Number         0  components.o ABSOLUTE
    ..\..\rtthread\3.0.3\src\device.c        0x00000000   Number         0  device.o ABSOLUTE
    ..\..\rtthread\3.0.3\src\idle.c          0x00000000   Number         0  idle.o ABSOLUTE
    ..\..\rtthread\3.0.3\src\ipc.c           0x00000000   Number         0  ipc.o ABSOLUTE
    ..\..\rtthread\3.0.3\src\irq.c           0x00000000   Number         0  irq.o ABSOLUTE
    ..\..\rtthread\3.0.3\src\kservice.c      0x00000000   Number         0  kservice.o ABSOLUTE
    ..\..\rtthread\3.0.3\src\mem.c           0x00000000   Number         0  mem.o ABSOLUTE
    ..\..\rtthread\3.0.3\src\memheap.c       0x00000000   Number         0  memheap.o ABSOLUTE
    ..\..\rtthread\3.0.3\src\mempool.c       0x00000000   Number         0  mempool.o ABSOLUTE
    ..\..\rtthread\3.0.3\src\object.c        0x00000000   Number         0  object.o ABSOLUTE
    ..\..\rtthread\3.0.3\src\scheduler.c     0x00000000   Number         0  scheduler.o ABSOLUTE
    ..\..\rtthread\3.0.3\src\signal.c        0x00000000   Number         0  signal.o ABSOLUTE
    ..\..\rtthread\3.0.3\src\thread.c        0x00000000   Number         0  thread.o ABSOLUTE
    ..\..\rtthread\3.0.3\src\timer.c         0x00000000   Number         0  timer.o ABSOLUTE
    ..\\..\\Libraries\\CMSIS\\core_cm3.c     0x00000000   Number         0  core_cm3.o ABSOLUTE
    dc.s                                     0x00000000   Number         0  dc.o ABSOLUTE
    handlers.s                               0x00000000   Number         0  handlers.o ABSOLUTE
    init.s                                   0x00000000   Number         0  init.o ABSOLUTE
    RESET                                    0x08000000   Section      304  startup_stm32f10x_hd.o(RESET)
    .ARM.Collect$$$$00000000                 0x08000130   Section        0  entry.o(.ARM.Collect$$$$00000000)
    .ARM.Collect$$$$00000001                 0x08000130   Section        4  entry2.o(.ARM.Collect$$$$00000001)
    .ARM.Collect$$$$00000004                 0x08000134   Section        4  entry5.o(.ARM.Collect$$$$00000004)
    .ARM.Collect$$$$00000008                 0x08000138   Section        0  entry7b.o(.ARM.Collect$$$$00000008)
    .ARM.Collect$$$$0000000A                 0x08000138   Section        0  entry8b.o(.ARM.Collect$$$$0000000A)
    .ARM.Collect$$$$0000000B                 0x08000138   Section        8  entry9a.o(.ARM.Collect$$$$0000000B)
    .ARM.Collect$$$$0000000D                 0x08000140   Section        0  entry10a.o(.ARM.Collect$$$$0000000D)
    .ARM.Collect$$$$0000000F                 0x08000140   Section        0  entry11a.o(.ARM.Collect$$$$0000000F)
    .ARM.Collect$$$$00002712                 0x08000140   Section        4  entry2.o(.ARM.Collect$$$$00002712)
    __lit__00000000                          0x08000140   Data           4  entry2.o(.ARM.Collect$$$$00002712)
    .text                                    0x08000144   Section       36  startup_stm32f10x_hd.o(.text)
    .text                                    0x08000168   Section        0  system_stm32f10x.o(.text)
    SetSysClockTo72                          0x08000169   Thumb Code   214  system_stm32f10x.o(.text)
    SetSysClock                              0x0800023f   Thumb Code     8  system_stm32f10x.o(.text)
    .text                                    0x08000348   Section        0  stm32f10x_gpio.o(.text)
    .text                                    0x080006a4   Section        0  stm32f10x_rcc.o(.text)
    .text                                    0x08000a48   Section        0  main.o(.text)
    led1_thread_entry                        0x08000a49   Thumb Code    34  main.o(.text)
    .text                                    0x08000ab0   Section        0  stm32f10x_it.o(.text)
    .text                                    0x08000ac4   Section        0  bsp_led.o(.text)
    .text                                    0x08000b24   Section        0  board.o(.text)
    .text                                    0x08000bb0   Section        0  clock.o(.text)
    .text                                    0x08000c1c   Section        0  components.o(.text)
    rti_start                                0x08000c1d   Thumb Code     4  components.o(.text)
    rti_board_start                          0x08000c21   Thumb Code     4  components.o(.text)
    rti_board_end                            0x08000c25   Thumb Code     4  components.o(.text)
    rti_end                                  0x08000c29   Thumb Code     4  components.o(.text)
    .text                                    0x08000ce4   Section        0  idle.o(.text)
    rt_thread_idle_entry                     0x08000d59   Thumb Code     8  idle.o(.text)
    _has_defunct_thread                      0x08000d8b   Thumb Code    16  idle.o(.text)
    .text                                    0x08000db4   Section        0  irq.o(.text)
    .text                                    0x08000df4   Section        0  kservice.o(.text)
    print_number                             0x08001091   Thumb Code   402  kservice.o(.text)
    skip_atoi                                0x08001223   Thumb Code    38  kservice.o(.text)
    .text                                    0x08001708   Section        0  object.o(.text)
    .text                                    0x08001808   Section        0  scheduler.o(.text)
    rt_list_init                             0x080019c5   Thumb Code     6  scheduler.o(.text)
    .text                                    0x080019e8   Section        0  thread.o(.text)
    rt_list_insert_after                     0x080019e9   Thumb Code    14  thread.o(.text)
    rt_list_remove                           0x080019f7   Thumb Code    18  thread.o(.text)
    _rt_thread_init                          0x08001a75   Thumb Code   128  thread.o(.text)
    .text                                    0x08001d90   Section        0  timer.o(.text)
    rt_list_insert_after                     0x08001d91   Thumb Code    14  timer.o(.text)
    _rt_timer_init                           0x08001d9f   Thumb Code    66  timer.o(.text)
    rt_timer_list_next_timeout               0x08001de1   Thumb Code    28  timer.o(.text)
    _rt_timer_remove                         0x08001dfd   Thumb Code    46  timer.o(.text)
    rt_list_init                             0x08002069   Thumb Code     6  timer.o(.text)
    rt_list_isempty                          0x0800206f   Thumb Code    16  timer.o(.text)
    .text                                    0x08002088   Section        0  cpuport.o(.text)
    .text                                    0x080022f0   Section      240  context_rvds.o(.text)
    .text                                    0x080023e0   Section       36  init.o(.text)
    i.__scatterload_copy                     0x08002404   Section       14  handlers.o(i.__scatterload_copy)
    i.__scatterload_null                     0x08002412   Section        2  handlers.o(i.__scatterload_null)
    i.__scatterload_zeroinit                 0x08002414   Section       14  handlers.o(i.__scatterload_zeroinit)
    .constdata                               0x08002422   Section      290  kservice.o(.constdata)
    small_digits                             0x08002522   Data          17  kservice.o(.constdata)
    large_digits                             0x08002533   Data          17  kservice.o(.constdata)
    .rti_fn.0                                0x08002544   Section        4  components.o(.rti_fn.0)
    __tagsym$$used                           0x08002544   Number         0  components.o(.rti_fn.0)
    .rti_fn.0.end                            0x08002548   Section        4  components.o(.rti_fn.0.end)
    __tagsym$$used                           0x08002548   Number         0  components.o(.rti_fn.0.end)
    .rti_fn.1.end                            0x0800254c   Section        4  components.o(.rti_fn.1.end)
    __tagsym$$used                           0x0800254c   Number         0  components.o(.rti_fn.1.end)
    .rti_fn.6.end                            0x08002550   Section        4  components.o(.rti_fn.6.end)
    __tagsym$$used                           0x08002550   Number         0  components.o(.rti_fn.6.end)
    .data                                    0x20000000   Section       20  system_stm32f10x.o(.data)
    .data                                    0x20000014   Section       20  stm32f10x_rcc.o(.data)
    APBAHBPrescTable                         0x20000014   Data          16  stm32f10x_rcc.o(.data)
    ADCPrescTable                            0x20000024   Data           4  stm32f10x_rcc.o(.data)
    .data                                    0x20000028   Section        4  clock.o(.data)
    rt_tick                                  0x20000028   Data           4  clock.o(.data)
    .data                                    0x2000002c   Section        1  irq.o(.data)
    .data                                    0x20000030   Section        4  kservice.o(.data)
    __rt_errno                               0x20000030   Data           4  kservice.o(.data)
    .data                                    0x20000034   Section       64  object.o(.data)
    rt_object_container                      0x20000034   Data          64  object.o(.data)
    .data                                    0x20000074   Section       24  scheduler.o(.data)
    rt_scheduler_lock_nest                   0x20000074   Data           2  scheduler.o(.data)
    .data                                    0x2000008c   Section       12  timer.o(.data)
    rt_timer_list                            0x2000008c   Data           8  timer.o(.data)
    random_nr                                0x20000094   Data           4  timer.o(.data)
    .data                                    0x20000098   Section       16  cpuport.o(.data)
    rt_exception_hook                        0x200000a4   Data           4  cpuport.o(.data)
    .bss                                     0x200000a8   Section     1144  main.o(.bss)
    led1_thread                              0x200000a8   Data         120  main.o(.bss)
    rt_led1_thread_stack                     0x20000120   Data        1024  main.o(.bss)
    .bss                                     0x20000520   Section      632  components.o(.bss)
    main_stack                               0x20000520   Data         512  components.o(.bss)
    .bss                                     0x20000798   Section      248  idle.o(.bss)
    idle                                     0x20000798   Data         120  idle.o(.bss)
    rt_thread_stack                          0x20000810   Data         128  idle.o(.bss)
    .bss                                     0x20000890   Section      128  kservice.o(.bss)
    rt_log_buf                               0x20000890   Data         128  kservice.o(.bss)
    .bss                                     0x20000910   Section      256  scheduler.o(.bss)
    STACK                                    0x20000a10   Section     1024  startup_stm32f10x_hd.o(STACK)

    Global Symbols

    Symbol Name                              Value     Ov Type        Size  Object(Section)

    BuildAttributes$$THM_ISAv4$P$D$K$B$S$PE$A:L22UL41UL21$X:L11$S22US41US21$IEEE1$IW$USESV6$~STKCKD$USESV7$~SHL$OSPACE$EBA8$MICROLIB$REQ8$PRES8$EABIv2 0x00000000   Number         0  anon$$obj.o ABSOLUTE
    __ARM_use_no_argv                        0x00000000   Number         0  main.o ABSOLUTE
    __cpp_initialize__aeabi_                  - Undefined Weak Reference
    __cxa_finalize                            - Undefined Weak Reference
    __decompress                              - Undefined Weak Reference
    _clock_init                               - Undefined Weak Reference
    _microlib_exit                            - Undefined Weak Reference
    __Vectors_Size                           0x00000130   Number         0  startup_stm32f10x_hd.o ABSOLUTE
    __Vectors                                0x08000000   Data           4  startup_stm32f10x_hd.o(RESET)
    __Vectors_End                            0x08000130   Data           0  startup_stm32f10x_hd.o(RESET)
    __main                                   0x08000131   Thumb Code     0  entry.o(.ARM.Collect$$$$00000000)
    _main_stk                                0x08000131   Thumb Code     0  entry2.o(.ARM.Collect$$$$00000001)
    _main_scatterload                        0x08000135   Thumb Code     0  entry5.o(.ARM.Collect$$$$00000004)
    __main_after_scatterload                 0x08000139   Thumb Code     0  entry5.o(.ARM.Collect$$$$00000004)
    _main_clock                              0x08000139   Thumb Code     0  entry7b.o(.ARM.Collect$$$$00000008)
    _main_cpp_init                           0x08000139   Thumb Code     0  entry8b.o(.ARM.Collect$$$$0000000A)
    _main_init                               0x08000139   Thumb Code     0  entry9a.o(.ARM.Collect$$$$0000000B)
    __rt_final_cpp                           0x08000141   Thumb Code     0  entry10a.o(.ARM.Collect$$$$0000000D)
    __rt_final_exit                          0x08000141   Thumb Code     0  entry11a.o(.ARM.Collect$$$$0000000F)
    Reset_Handler                            0x08000145   Thumb Code     8  startup_stm32f10x_hd.o(.text)
    ADC1_2_IRQHandler                        0x0800015f   Thumb Code     0  startup_stm32f10x_hd.o(.text)
    ADC3_IRQHandler                          0x0800015f   Thumb Code     0  startup_stm32f10x_hd.o(.text)
    CAN1_RX1_IRQHandler                      0x0800015f   Thumb Code     0  startup_stm32f10x_hd.o(.text)
    CAN1_SCE_IRQHandler                      0x0800015f   Thumb Code     0  startup_stm32f10x_hd.o(.text)
    DMA1_Channel1_IRQHandler                 0x0800015f   Thumb Code     0  startup_stm32f10x_hd.o(.text)
    DMA1_Channel2_IRQHandler                 0x0800015f   Thumb Code     0  startup_stm32f10x_hd.o(.text)
    DMA1_Channel3_IRQHandler                 0x0800015f   Thumb Code     0  startup_stm32f10x_hd.o(.text)
    DMA1_Channel4_IRQHandler                 0x0800015f   Thumb Code     0  startup_stm32f10x_hd.o(.text)
    DMA1_Channel5_IRQHandler                 0x0800015f   Thumb Code     0  startup_stm32f10x_hd.o(.text)
    DMA1_Channel6_IRQHandler                 0x0800015f   Thumb Code     0  startup_stm32f10x_hd.o(.text)
    DMA1_Channel7_IRQHandler                 0x0800015f   Thumb Code     0  startup_stm32f10x_hd.o(.text)
    DMA2_Channel1_IRQHandler                 0x0800015f   Thumb Code     0  startup_stm32f10x_hd.o(.text)
    DMA2_Channel2_IRQHandler                 0x0800015f   Thumb Code     0  startup_stm32f10x_hd.o(.text)
    DMA2_Channel3_IRQHandler                 0x0800015f   Thumb Code     0  startup_stm32f10x_hd.o(.text)
    DMA2_Channel4_5_IRQHandler               0x0800015f   Thumb Code     0  startup_stm32f10x_hd.o(.text)
    EXTI0_IRQHandler                         0x0800015f   Thumb Code     0  startup_stm32f10x_hd.o(.text)
    EXTI15_10_IRQHandler                     0x0800015f   Thumb Code     0  startup_stm32f10x_hd.o(.text)
    EXTI1_IRQHandler                         0x0800015f   Thumb Code     0  startup_stm32f10x_hd.o(.text)
    EXTI2_IRQHandler                         0x0800015f   Thumb Code     0  startup_stm32f10x_hd.o(.text)
    EXTI3_IRQHandler                         0x0800015f   Thumb Code     0  startup_stm32f10x_hd.o(.text)
    EXTI4_IRQHandler                         0x0800015f   Thumb Code     0  startup_stm32f10x_hd.o(.text)
    EXTI9_5_IRQHandler                       0x0800015f   Thumb Code     0  startup_stm32f10x_hd.o(.text)
    FLASH_IRQHandler                         0x0800015f   Thumb Code     0  startup_stm32f10x_hd.o(.text)
    FSMC_IRQHandler                          0x0800015f   Thumb Code     0  startup_stm32f10x_hd.o(.text)
    I2C1_ER_IRQHandler                       0x0800015f   Thumb Code     0  startup_stm32f10x_hd.o(.text)
    I2C1_EV_IRQHandler                       0x0800015f   Thumb Code     0  startup_stm32f10x_hd.o(.text)
    I2C2_ER_IRQHandler                       0x0800015f   Thumb Code     0  startup_stm32f10x_hd.o(.text)
    I2C2_EV_IRQHandler                       0x0800015f   Thumb Code     0  startup_stm32f10x_hd.o(.text)
    PVD_IRQHandler                           0x0800015f   Thumb Code     0  startup_stm32f10x_hd.o(.text)
    RCC_IRQHandler                           0x0800015f   Thumb Code     0  startup_stm32f10x_hd.o(.text)
    RTCAlarm_IRQHandler                      0x0800015f   Thumb Code     0  startup_stm32f10x_hd.o(.text)
    RTC_IRQHandler                           0x0800015f   Thumb Code     0  startup_stm32f10x_hd.o(.text)
    SDIO_IRQHandler                          0x0800015f   Thumb Code     0  startup_stm32f10x_hd.o(.text)
    SPI1_IRQHandler                          0x0800015f   Thumb Code     0  startup_stm32f10x_hd.o(.text)
    SPI2_IRQHandler                          0x0800015f   Thumb Code     0  startup_stm32f10x_hd.o(.text)
    SPI3_IRQHandler                          0x0800015f   Thumb Code     0  startup_stm32f10x_hd.o(.text)
    TAMPER_IRQHandler                        0x0800015f   Thumb Code     0  startup_stm32f10x_hd.o(.text)
    TIM1_BRK_IRQHandler                      0x0800015f   Thumb Code     0  startup_stm32f10x_hd.o(.text)
    TIM1_CC_IRQHandler                       0x0800015f   Thumb Code     0  startup_stm32f10x_hd.o(.text)
    TIM1_TRG_COM_IRQHandler                  0x0800015f   Thumb Code     0  startup_stm32f10x_hd.o(.text)
    TIM1_UP_IRQHandler                       0x0800015f   Thumb Code     0  startup_stm32f10x_hd.o(.text)
    TIM2_IRQHandler                          0x0800015f   Thumb Code     0  startup_stm32f10x_hd.o(.text)
    TIM3_IRQHandler                          0x0800015f   Thumb Code     0  startup_stm32f10x_hd.o(.text)
    TIM4_IRQHandler                          0x0800015f   Thumb Code     0  startup_stm32f10x_hd.o(.text)
    TIM5_IRQHandler                          0x0800015f   Thumb Code     0  startup_stm32f10x_hd.o(.text)
    TIM6_IRQHandler                          0x0800015f   Thumb Code     0  startup_stm32f10x_hd.o(.text)
    TIM7_IRQHandler                          0x0800015f   Thumb Code     0  startup_stm32f10x_hd.o(.text)
    TIM8_BRK_IRQHandler                      0x0800015f   Thumb Code     0  startup_stm32f10x_hd.o(.text)
    TIM8_CC_IRQHandler                       0x0800015f   Thumb Code     0  startup_stm32f10x_hd.o(.text)
    TIM8_TRG_COM_IRQHandler                  0x0800015f   Thumb Code     0  startup_stm32f10x_hd.o(.text)
    TIM8_UP_IRQHandler                       0x0800015f   Thumb Code     0  startup_stm32f10x_hd.o(.text)
    UART4_IRQHandler                         0x0800015f   Thumb Code     0  startup_stm32f10x_hd.o(.text)
    UART5_IRQHandler                         0x0800015f   Thumb Code     0  startup_stm32f10x_hd.o(.text)
    USART1_IRQHandler                        0x0800015f   Thumb Code     0  startup_stm32f10x_hd.o(.text)
    USART2_IRQHandler                        0x0800015f   Thumb Code     0  startup_stm32f10x_hd.o(.text)
    USART3_IRQHandler                        0x0800015f   Thumb Code     0  startup_stm32f10x_hd.o(.text)
    USBWakeUp_IRQHandler                     0x0800015f   Thumb Code     0  startup_stm32f10x_hd.o(.text)
    USB_HP_CAN1_TX_IRQHandler                0x0800015f   Thumb Code     0  startup_stm32f10x_hd.o(.text)
    USB_LP_CAN1_RX0_IRQHandler               0x0800015f   Thumb Code     0  startup_stm32f10x_hd.o(.text)
    WWDG_IRQHandler                          0x0800015f   Thumb Code     0  startup_stm32f10x_hd.o(.text)
    SystemInit                               0x08000247   Thumb Code    78  system_stm32f10x.o(.text)
    SystemCoreClockUpdate                    0x08000295   Thumb Code   142  system_stm32f10x.o(.text)
    GPIO_DeInit                              0x08000349   Thumb Code   172  stm32f10x_gpio.o(.text)
    GPIO_AFIODeInit                          0x080003f5   Thumb Code    20  stm32f10x_gpio.o(.text)
    GPIO_Init                                0x08000409   Thumb Code   278  stm32f10x_gpio.o(.text)
    GPIO_StructInit                          0x0800051f   Thumb Code    16  stm32f10x_gpio.o(.text)
    GPIO_ReadInputDataBit                    0x0800052f   Thumb Code    18  stm32f10x_gpio.o(.text)
    GPIO_ReadInputData                       0x08000541   Thumb Code     8  stm32f10x_gpio.o(.text)
    GPIO_ReadOutputDataBit                   0x08000549   Thumb Code    18  stm32f10x_gpio.o(.text)
    GPIO_ReadOutputData                      0x0800055b   Thumb Code     8  stm32f10x_gpio.o(.text)
    GPIO_SetBits                             0x08000563   Thumb Code     4  stm32f10x_gpio.o(.text)
    GPIO_ResetBits                           0x08000567   Thumb Code     4  stm32f10x_gpio.o(.text)
    GPIO_WriteBit                            0x0800056b   Thumb Code    10  stm32f10x_gpio.o(.text)
    GPIO_Write                               0x08000575   Thumb Code     4  stm32f10x_gpio.o(.text)
    GPIO_PinLockConfig                       0x08000579   Thumb Code    18  stm32f10x_gpio.o(.text)
    GPIO_EventOutputConfig                   0x0800058b   Thumb Code    26  stm32f10x_gpio.o(.text)
    GPIO_EventOutputCmd                      0x080005a5   Thumb Code     6  stm32f10x_gpio.o(.text)
    GPIO_PinRemapConfig                      0x080005ab   Thumb Code   138  stm32f10x_gpio.o(.text)
    GPIO_EXTILineConfig                      0x08000635   Thumb Code    66  stm32f10x_gpio.o(.text)
    GPIO_ETH_MediaInterfaceConfig            0x08000677   Thumb Code     8  stm32f10x_gpio.o(.text)
    RCC_DeInit                               0x080006a5   Thumb Code    64  stm32f10x_rcc.o(.text)
    RCC_HSEConfig                            0x080006e5   Thumb Code    70  stm32f10x_rcc.o(.text)
    RCC_GetFlagStatus                        0x0800072b   Thumb Code    56  stm32f10x_rcc.o(.text)
    RCC_WaitForHSEStartUp                    0x08000763   Thumb Code    56  stm32f10x_rcc.o(.text)
    RCC_AdjustHSICalibrationValue            0x0800079b   Thumb Code    20  stm32f10x_rcc.o(.text)
    RCC_HSICmd                               0x080007af   Thumb Code     6  stm32f10x_rcc.o(.text)
    RCC_PLLConfig                            0x080007b5   Thumb Code    24  stm32f10x_rcc.o(.text)
    RCC_PLLCmd                               0x080007cd   Thumb Code     6  stm32f10x_rcc.o(.text)
    RCC_SYSCLKConfig                         0x080007d3   Thumb Code    18  stm32f10x_rcc.o(.text)
    RCC_GetSYSCLKSource                      0x080007e5   Thumb Code    10  stm32f10x_rcc.o(.text)
    RCC_HCLKConfig                           0x080007ef   Thumb Code    18  stm32f10x_rcc.o(.text)
    RCC_PCLK1Config                          0x08000801   Thumb Code    18  stm32f10x_rcc.o(.text)
    RCC_PCLK2Config                          0x08000813   Thumb Code    20  stm32f10x_rcc.o(.text)
    RCC_ITConfig                             0x08000827   Thumb Code    26  stm32f10x_rcc.o(.text)
    RCC_USBCLKConfig                         0x08000841   Thumb Code     8  stm32f10x_rcc.o(.text)
    RCC_ADCCLKConfig                         0x08000849   Thumb Code    18  stm32f10x_rcc.o(.text)
    RCC_LSEConfig                            0x0800085b   Thumb Code    50  stm32f10x_rcc.o(.text)
    RCC_LSICmd                               0x0800088d   Thumb Code     6  stm32f10x_rcc.o(.text)
    RCC_RTCCLKConfig                         0x08000893   Thumb Code    12  stm32f10x_rcc.o(.text)
    RCC_RTCCLKCmd                            0x0800089f   Thumb Code     8  stm32f10x_rcc.o(.text)
    RCC_GetClocksFreq                        0x080008a7   Thumb Code   192  stm32f10x_rcc.o(.text)
    RCC_AHBPeriphClockCmd                    0x08000967   Thumb Code    26  stm32f10x_rcc.o(.text)
    RCC_APB2PeriphClockCmd                   0x08000981   Thumb Code    26  stm32f10x_rcc.o(.text)
    RCC_APB1PeriphClockCmd                   0x0800099b   Thumb Code    26  stm32f10x_rcc.o(.text)
    RCC_APB2PeriphResetCmd                   0x080009b5   Thumb Code    26  stm32f10x_rcc.o(.text)
    RCC_APB1PeriphResetCmd                   0x080009cf   Thumb Code    26  stm32f10x_rcc.o(.text)
    RCC_BackupResetCmd                       0x080009e9   Thumb Code     8  stm32f10x_rcc.o(.text)
    RCC_ClockSecuritySystemCmd               0x080009f1   Thumb Code     6  stm32f10x_rcc.o(.text)
    RCC_MCOConfig                            0x080009f7   Thumb Code     6  stm32f10x_rcc.o(.text)
    RCC_ClearFlag                            0x080009fd   Thumb Code    14  stm32f10x_rcc.o(.text)
    RCC_GetITStatus                          0x08000a0b   Thumb Code    20  stm32f10x_rcc.o(.text)
    RCC_ClearITPendingBit                    0x08000a1f   Thumb Code     6  stm32f10x_rcc.o(.text)
    $Super$$main                             0x08000a6b   Thumb Code    44  main.o(.text)
    NMI_Handler                              0x08000ab1   Thumb Code     2  stm32f10x_it.o(.text)
    MemManage_Handler                        0x08000ab3   Thumb Code     4  stm32f10x_it.o(.text)
    BusFault_Handler                         0x08000ab7   Thumb Code     4  stm32f10x_it.o(.text)
    UsageFault_Handler                       0x08000abb   Thumb Code     4  stm32f10x_it.o(.text)
    SVC_Handler                              0x08000abf   Thumb Code     2  stm32f10x_it.o(.text)
    DebugMon_Handler                         0x08000ac1   Thumb Code     2  stm32f10x_it.o(.text)
    LED_GPIO_Config                          0x08000ac5   Thumb Code    90  bsp_led.o(.text)
    rt_hw_board_init                         0x08000b25   Thumb Code   114  board.o(.text)
    SysTick_Handler                          0x08000b97   Thumb Code    16  board.o(.text)
    rt_system_tick_init                      0x08000bb1   Thumb Code     2  clock.o(.text)
    rt_tick_get                              0x08000bb3   Thumb Code     6  clock.o(.text)
    rt_tick_set                              0x08000bb9   Thumb Code    22  clock.o(.text)
    rt_tick_increase                         0x08000bcf   Thumb Code    42  clock.o(.text)
    rt_tick_from_millisecond                 0x08000bf9   Thumb Code    32  clock.o(.text)
    rt_components_board_init                 0x08000c2d   Thumb Code    20  components.o(.text)
    rt_components_init                       0x08000c41   Thumb Code    20  components.o(.text)
    main_thread_entry                        0x08000c55   Thumb Code    14  components.o(.text)
    rt_application_init                      0x08000c63   Thumb Code    46  components.o(.text)
    rtthread_startup                         0x08000c91   Thumb Code    42  components.o(.text)
    main                                     0x08000cbb   Thumb Code    14  components.o(.text)
    rt_thread_idle_excute                    0x08000ce5   Thumb Code   116  idle.o(.text)
    rt_thread_idle_init                      0x08000d61   Thumb Code    38  idle.o(.text)
    rt_thread_idle_gethandler                0x08000d87   Thumb Code     4  idle.o(.text)
    rt_interrupt_enter                       0x08000db5   Thumb Code    26  irq.o(.text)
    rt_interrupt_leave                       0x08000dcf   Thumb Code    26  irq.o(.text)
    rt_interrupt_get_nest                    0x08000de9   Thumb Code     6  irq.o(.text)
    rt_get_errno                             0x08000df5   Thumb Code    32  kservice.o(.text)
    rt_set_errno                             0x08000e15   Thumb Code    36  kservice.o(.text)
    _rt_errno                                0x08000e39   Thumb Code    30  kservice.o(.text)
    rt_memset                                0x08000e57   Thumb Code    72  kservice.o(.text)
    rt_memcpy                                0x08000e9f   Thumb Code   124  kservice.o(.text)
    rt_memmove                               0x08000f1b   Thumb Code    66  kservice.o(.text)
    rt_memcmp                                0x08000f5d   Thumb Code    38  kservice.o(.text)
    rt_strlen                                0x08000f83   Thumb Code    18  kservice.o(.text)
    rt_strstr                                0x08000f95   Thumb Code    58  kservice.o(.text)
    rt_strcasecmp                            0x08000fcf   Thumb Code    48  kservice.o(.text)
    rt_strncpy                               0x08000fff   Thumb Code    52  kservice.o(.text)
    rt_strncmp                               0x08001033   Thumb Code    40  kservice.o(.text)
    rt_strcmp                                0x0800105b   Thumb Code    28  kservice.o(.text)
    rt_strnlen                               0x08001077   Thumb Code    24  kservice.o(.text)
    rt_hw_console_output                     0x0800108f   Thumb Code     2  kservice.o(.text)
    rt_vsnprintf                             0x08001249   Thumb Code   800  kservice.o(.text)
    rt_kprintf                               0x08001569   Thumb Code    44  kservice.o(.text)
    rt_show_version                          0x08001595   Thumb Code    38  kservice.o(.text)
    rt_snprintf                              0x080015bb   Thumb Code    38  kservice.o(.text)
    rt_vsprintf                              0x080015e1   Thumb Code    22  kservice.o(.text)
    rt_sprintf                               0x080015f7   Thumb Code    34  kservice.o(.text)
    rt_kputs                                 0x08001619   Thumb Code    18  kservice.o(.text)
    __rt_ffs                                 0x0800162b   Thumb Code    70  kservice.o(.text)
    rt_system_object_init                    0x08001709   Thumb Code     2  object.o(.text)
    rt_object_get_information                0x0800170b   Thumb Code    36  object.o(.text)
    rt_object_init                           0x0800172f   Thumb Code    70  object.o(.text)
    rt_object_detach                         0x08001775   Thumb Code    40  object.o(.text)
    rt_object_is_systemobject                0x0800179d   Thumb Code    18  object.o(.text)
    rt_object_find                           0x080017af   Thumb Code    86  object.o(.text)
    rt_system_scheduler_init                 0x08001809   Thumb Code    52  scheduler.o(.text)
    rt_system_scheduler_start                0x0800183d   Thumb Code    36  scheduler.o(.text)
    rt_schedule                              0x08001861   Thumb Code   118  scheduler.o(.text)
    rt_schedule_insert_thread                0x080018d7   Thumb Code    72  scheduler.o(.text)
    rt_schedule_remove_thread                0x0800191f   Thumb Code    76  scheduler.o(.text)
    rt_enter_critical                        0x0800196b   Thumb Code    28  scheduler.o(.text)
    rt_exit_critical                         0x08001987   Thumb Code    54  scheduler.o(.text)
    rt_critical_level                        0x080019bd   Thumb Code     8  scheduler.o(.text)
    rt_thread_exit                           0x08001a09   Thumb Code    76  thread.o(.text)
    rt_thread_timeout                        0x08001a55   Thumb Code    32  thread.o(.text)
    rt_thread_init                           0x08001af5   Thumb Code    52  thread.o(.text)
    rt_thread_self                           0x08001b29   Thumb Code     6  thread.o(.text)
    rt_thread_resume                         0x08001b2f   Thumb Code    60  thread.o(.text)
    rt_thread_startup                        0x08001b6b   Thumb Code    44  thread.o(.text)
    rt_thread_detach                         0x08001b97   Thumb Code    70  thread.o(.text)
    rt_thread_yield                          0x08001bdd   Thumb Code    92  thread.o(.text)
    rt_thread_suspend                        0x08001c39   Thumb Code    68  thread.o(.text)
    rt_thread_sleep                          0x08001c7d   Thumb Code    62  thread.o(.text)
    rt_thread_delay                          0x08001cbb   Thumb Code    12  thread.o(.text)
    rt_thread_control                        0x08001cc7   Thumb Code   106  thread.o(.text)
    rt_thread_find                           0x08001d31   Thumb Code    82  thread.o(.text)
    rt_timer_init                            0x08001e2b   Thumb Code    46  timer.o(.text)
    rt_timer_detach                          0x08001e59   Thumb Code    32  timer.o(.text)
    rt_timer_start                           0x08001e79   Thumb Code   238  timer.o(.text)
    rt_timer_stop                            0x08001f67   Thumb Code    48  timer.o(.text)
    rt_timer_control                         0x08001f97   Thumb Code    56  timer.o(.text)
    rt_timer_check                           0x08001fcf   Thumb Code   118  timer.o(.text)
    rt_timer_next_timeout_tick               0x08002045   Thumb Code    10  timer.o(.text)
    rt_system_timer_init                     0x0800204f   Thumb Code    24  timer.o(.text)
    rt_system_timer_thread_init              0x08002067   Thumb Code     2  timer.o(.text)
    rt_hw_stack_init                         0x08002089   Thumb Code    70  cpuport.o(.text)
    rt_hw_exception_install                  0x080020cf   Thumb Code     6  cpuport.o(.text)
    rt_hw_hard_fault_exception               0x080020d5   Thumb Code   190  cpuport.o(.text)
    rt_hw_cpu_shutdown                       0x08002193   Thumb Code    10  cpuport.o(.text)
    rt_hw_interrupt_disable                  0x080022f1   Thumb Code     8  context_rvds.o(.text)
    rt_hw_interrupt_enable                   0x080022f9   Thumb Code     6  context_rvds.o(.text)
    rt_hw_context_switch                     0x080022ff   Thumb Code    32  context_rvds.o(.text)
    rt_hw_context_switch_interrupt           0x080022ff   Thumb Code     0  context_rvds.o(.text)
    PendSV_Handler                           0x0800231f   Thumb Code    60  context_rvds.o(.text)
    rt_hw_context_switch_to                  0x0800235b   Thumb Code    58  context_rvds.o(.text)
    rt_hw_interrupt_thread_switch            0x08002395   Thumb Code     2  context_rvds.o(.text)
    HardFault_Handler                        0x08002397   Thumb Code    48  context_rvds.o(.text)
    __scatterload                            0x080023e1   Thumb Code    28  init.o(.text)
    __scatterload_rt2                        0x080023e1   Thumb Code     0  init.o(.text)
    __scatterload_copy                       0x08002405   Thumb Code    14  handlers.o(i.__scatterload_copy)
    __scatterload_null                       0x08002413   Thumb Code     2  handlers.o(i.__scatterload_null)
    __scatterload_zeroinit                   0x08002415   Thumb Code    14  handlers.o(i.__scatterload_zeroinit)
    __lowest_bit_bitmap                      0x08002422   Data         256  kservice.o(.constdata)
    __rt_init_rti_start                      0x08002544   Data           4  components.o(.rti_fn.0)
    __rt_init_rti_board_start                0x08002548   Data           4  components.o(.rti_fn.0.end)
    __rt_init_rti_board_end                  0x0800254c   Data           4  components.o(.rti_fn.1.end)
    __rt_init_rti_end                        0x08002550   Data           4  components.o(.rti_fn.6.end)
    Region$$Table$$Base                      0x08002554   Number         0  anon$$obj.o(Region$$Table)
    Region$$Table$$Limit                     0x08002574   Number         0  anon$$obj.o(Region$$Table)
    SystemCoreClock                          0x20000000   Data           4  system_stm32f10x.o(.data)
    AHBPrescTable                            0x20000004   Data          16  system_stm32f10x.o(.data)
    rt_interrupt_nest                        0x2000002c   Data           1  irq.o(.data)
    rt_current_thread                        0x20000078   Data           4  scheduler.o(.data)
    rt_current_priority                      0x2000007c   Data           1  scheduler.o(.data)
    rt_thread_ready_priority_group           0x20000080   Data           4  scheduler.o(.data)
    rt_thread_defunct                        0x20000084   Data           8  scheduler.o(.data)
    rt_interrupt_from_thread                 0x20000098   Data           4  cpuport.o(.data)
    rt_interrupt_to_thread                   0x2000009c   Data           4  cpuport.o(.data)
    rt_thread_switch_interrupt_flag          0x200000a0   Data           4  cpuport.o(.data)
    main_thread                              0x20000720   Data         120  components.o(.bss)
    rt_thread_priority_table                 0x20000910   Data         256  scheduler.o(.bss)
    __initial_sp                             0x20000e10   Data           0  startup_stm32f10x_hd.o(STACK)



==============================================================================

Memory Map of the image

  Image Entry point : 0x08000131

  Load Region LR_IROM1 (Base: 0x08000000, Size: 0x0000261c, Max: 0x00080000, ABSOLUTE)

    Execution Region ER_IROM1 (Base: 0x08000000, Size: 0x00002574, Max: 0x00080000, ABSOLUTE)

    Base Addr    Size         Type   Attr      Idx    E Section Name        Object

    0x08000000   0x00000130   Data   RO            3    RESET               startup_stm32f10x_hd.o
    0x08000130   0x00000000   Code   RO          749  * .ARM.Collect$$$$00000000  mc_w.l(entry.o)
    0x08000130   0x00000004   Code   RO          752    .ARM.Collect$$$$00000001  mc_w.l(entry2.o)
    0x08000134   0x00000004   Code   RO          755    .ARM.Collect$$$$00000004  mc_w.l(entry5.o)
    0x08000138   0x00000000   Code   RO          757    .ARM.Collect$$$$00000008  mc_w.l(entry7b.o)
    0x08000138   0x00000000   Code   RO          759    .ARM.Collect$$$$0000000A  mc_w.l(entry8b.o)
    0x08000138   0x00000008   Code   RO          760    .ARM.Collect$$$$0000000B  mc_w.l(entry9a.o)
    0x08000140   0x00000000   Code   RO          762    .ARM.Collect$$$$0000000D  mc_w.l(entry10a.o)
    0x08000140   0x00000000   Code   RO          764    .ARM.Collect$$$$0000000F  mc_w.l(entry11a.o)
    0x08000140   0x00000004   Code   RO          753    .ARM.Collect$$$$00002712  mc_w.l(entry2.o)
    0x08000144   0x00000024   Code   RO            4    .text               startup_stm32f10x_hd.o
    0x08000168   0x000001e0   Code   RO           24    .text               system_stm32f10x.o
    0x08000348   0x0000035c   Code   RO          269    .text               stm32f10x_gpio.o
    0x080006a4   0x000003a4   Code   RO          317    .text               stm32f10x_rcc.o
    0x08000a48   0x00000068   Code   RO          403    .text               main.o
    0x08000ab0   0x00000012   Code   RO          474    .text               stm32f10x_it.o
    0x08000ac2   0x00000002   PAD
    0x08000ac4   0x00000060   Code   RO          489    .text               bsp_led.o
    0x08000b24   0x0000008c   Code   RO          504    .text               board.o
    0x08000bb0   0x0000006c   Code   RO          523    .text               clock.o
    0x08000c1c   0x000000c8   Code   RO          537    .text               components.o
    0x08000ce4   0x000000d0   Code   RO          562    .text               idle.o
    0x08000db4   0x00000040   Code   RO          595    .text               irq.o
    0x08000df4   0x00000914   Code   RO          610    .text               kservice.o
    0x08001708   0x00000100   Code   RO          645    .text               object.o
    0x08001808   0x000001e0   Code   RO          662    .text               scheduler.o
    0x080019e8   0x000003a8   Code   RO          697    .text               thread.o
    0x08001d90   0x000002f8   Code   RO          713    .text               timer.o
    0x08002088   0x00000268   Code   RO          730    .text               cpuport.o
    0x080022f0   0x000000f0   Code   RO          745    .text               context_rvds.o
    0x080023e0   0x00000024   Code   RO          766    .text               mc_w.l(init.o)
    0x08002404   0x0000000e   Code   RO          770    i.__scatterload_copy  mc_w.l(handlers.o)
    0x08002412   0x00000002   Code   RO          771    i.__scatterload_null  mc_w.l(handlers.o)
    0x08002414   0x0000000e   Code   RO          772    i.__scatterload_zeroinit  mc_w.l(handlers.o)
    0x08002422   0x00000122   Data   RO          612    .constdata          kservice.o
    0x08002544   0x00000004   Data   RO          539    .rti_fn.0           components.o
    0x08002548   0x00000004   Data   RO          540    .rti_fn.0.end       components.o
    0x0800254c   0x00000004   Data   RO          541    .rti_fn.1.end       components.o
    0x08002550   0x00000004   Data   RO          542    .rti_fn.6.end       components.o
    0x08002554   0x00000020   Data   RO          768    Region$$Table       anon$$obj.o


    Execution Region RW_IRAM1 (Base: 0x20000000, Size: 0x00000e10, Max: 0x00010000, ABSOLUTE)

    Base Addr    Size         Type   Attr      Idx    E Section Name        Object

    0x20000000   0x00000014   Data   RW           25    .data               system_stm32f10x.o
    0x20000014   0x00000014   Data   RW          318    .data               stm32f10x_rcc.o
    0x20000028   0x00000004   Data   RW          524    .data               clock.o
    0x2000002c   0x00000001   Data   RW          596    .data               irq.o
    0x2000002d   0x00000003   PAD
    0x20000030   0x00000004   Data   RW          613    .data               kservice.o
    0x20000034   0x00000040   Data   RW          646    .data               object.o
    0x20000074   0x00000018   Data   RW          664    .data               scheduler.o
    0x2000008c   0x0000000c   Data   RW          714    .data               timer.o
    0x20000098   0x00000010   Data   RW          731    .data               cpuport.o
    0x200000a8   0x00000478   Zero   RW          404    .bss                main.o
    0x20000520   0x00000278   Zero   RW          538    .bss                components.o
    0x20000798   0x000000f8   Zero   RW          563    .bss                idle.o
    0x20000890   0x00000080   Zero   RW          611    .bss                kservice.o
    0x20000910   0x00000100   Zero   RW          663    .bss                scheduler.o
    0x20000a10   0x00000400   Zero   RW            1    STACK               startup_stm32f10x_hd.o


==============================================================================

Image component sizes


      Code (inc. data)   RO Data    RW Data    ZI Data      Debug   Object Name

       140         10          0          0          0      16054   board.o
        96          6          0          0          0        534   bsp_led.o
       108          4          0          4          0       1460   clock.o
       200         28         16          0        632       2682   components.o
       240         26          0          0          0        796   context_rvds.o
         0          0          0          0          0       4524   core_cm3.o
       616        340          0         16          0       3215   cpuport.o
       208         26          0          0        248       4226   idle.o
        64          6          0          1          0       1442   irq.o
      2324        166        290          4        128      10224   kservice.o
       104         26          0          0       1144       6747   main.o
       256          4          0         64          0       5275   object.o
       480         30          0         24        256       5584   scheduler.o
        36          8        304          0       1024        868   startup_stm32f10x_hd.o
       860         38          0          0          0       5753   stm32f10x_gpio.o
        18          0          0          0          0        925   stm32f10x_it.o
       932         36          0         20          0       8940   stm32f10x_rcc.o
       480         38          0         20          0     222167   system_stm32f10x.o
       936         14          0          0          0       7763   thread.o
       760         10          0         12          0       6897   timer.o

    ----------------------------------------------------------------------
      8860        816        642        168       3432     316076   Object Totals
         0          0         32          0          0          0   (incl. Generated)
         2          0          0          3          0          0   (incl. Padding)

    ----------------------------------------------------------------------

      Code (inc. data)   RO Data    RW Data    ZI Data      Debug   Library Member Name

         0          0          0          0          0          0   entry.o
         0          0          0          0          0          0   entry10a.o
         0          0          0          0          0          0   entry11a.o
         8          4          0          0          0          0   entry2.o
         4          0          0          0          0          0   entry5.o
         0          0          0          0          0          0   entry7b.o
         0          0          0          0          0          0   entry8b.o
         8          4          0          0          0          0   entry9a.o
        30          0          0          0          0          0   handlers.o
        36          8          0          0          0         68   init.o

    ----------------------------------------------------------------------
        86         16          0          0          0         68   Library Totals
         0          0          0          0          0          0   (incl. Padding)

    ----------------------------------------------------------------------

      Code (inc. data)   RO Data    RW Data    ZI Data      Debug   Library Name

        86         16          0          0          0         68   mc_w.l

    ----------------------------------------------------------------------
        86         16          0          0          0         68   Library Totals

    ----------------------------------------------------------------------

==============================================================================


      Code (inc. data)   RO Data    RW Data    ZI Data      Debug   

      8946        832        642        168       3432     314736   Grand Totals
      8946        832        642        168       3432     314736   ELF Image Totals
      8946        832        642        168          0          0   ROM Totals

==============================================================================

    Total RO  Size (Code + RO Data)                 9588 (   9.36kB)
    Total RW  Size (RW Data + ZI Data)              3600 (   3.52kB)
    Total ROM Size (Code + RO Data + RW Data)       9756 (   9.53kB)

==============================================================================

